// Jest Snapshot v1, https://goo.gl/fbAQLP

exports[`Snapshot renders page unchanged 1`] = `
<div>
  <h1>
    This is Snapshot page
  </h1>
  <p>
    This page is snapshot by test.
  </p>
</div>
`;
